Log file open, 04/30/26 14:54:40
LogTrace: Initializing trace...
LogTrace: Finished trace initialization.
LogInit: Session CrashGUID >====================================================
         Session CrashGUID >   UECC-Windows-9B9A9C984B64C0FF1569B4A3F611E4ED
         Session CrashGUID >====================================================
LogConfig: No local boot hotfix file found at: [F:/schoolProjects/!Squirrel Game/Unreal Project/SquirrelGame/SquirrelGame000/Saved/PersistentDownloadDir/HotfixForNextBoot.txt]
LogPluginManager: Mounting Engine plugin PlatformCrypto
LogInit: ExecutableName: UnrealPak.exe
LogInit: Build: ++UE5+Release-5.5-CL-40574608
LogInit: Platform=WindowsEditor
LogInit: MachineId=ba7cc72842736b5ff3e09a821d8461f2
LogInit: DeviceId=
LogInit: Engine Version: 5.5.4-40574608+++UE5+Release-5.5
LogInit: Compatible Engine Version: 5.5.0-37670630+++UE5+Release-5.5
LogInit: Net CL: 37670630
LogInit: OS: Windows 11 (25H2) [10.0.26200.8246] (), CPU: Intel(R) Core(TM) i9-9920X CPU @ 3.50GHz, GPU: NVIDIA GeForce RTX 2080 Ti
LogInit: Compiled (64-bit): Mar  7 2025 14:59:45
LogInit: Architecture: x64
LogInit: Compiled with Visual C++: 19.38.33130.00
LogInit: Build Configuration: Development
LogInit: Branch Name: ++UE5+Release-5.5
LogInit: Command Line: -CreateGlobalContainer="F:\schoolProjects\!Squirrel Game\Unreal Project\SquirrelGame\SquirrelGame000\Saved\StagedBuilds\Windows\SquirrelGame000\Content\Paks\global.utoc" -PackageStoreManifest="F:\schoolProjects\!Squirrel Game\Unreal Project\SquirrelGame\SquirrelGame000\Saved\Cooked\Windows\SquirrelGame000\Metadata\packagestore.manifest" -CookedDirectory="F:\schoolProjects\!Squirrel Game\Unreal Project\SquirrelGame\SquirrelGame000\Saved\Cooked\Windows" -Commands="C:\Users\17974288\AppData\Roaming\Unreal Engine\AutomationTool\Logs\C+Program+Files+Epic+Games+UE_5.5\IoStoreCommands.txt" -ScriptObjects="F:\schoolProjects\!Squirrel Game\Unreal Project\SquirrelGame\SquirrelGame000\Saved\Cooked\Windows\SquirrelGame000\Metadata\scriptobjects.bin" -patchpaddingalign=2048 -compressionformats=Oodle -compresslevel=4 -compressmethod=Kraken -cryptokeys="F:\schoolProjects\!Squirrel Game\Unreal Project\SquirrelGame\SquirrelGame000\Saved\Cooked\Windows\SquirrelGame000\Metadata\Crypto.json" -compressionMinBytesSaved=1024 -compressionMinPercentSaved=5 -WriteBackMetadataToAssetRegistry=Disabled -nopak
LogInit: Base Directory: C:/Program Files/Epic Games/UE_5.5/Engine/Binaries/Win64/
LogInit: Allocator: Mimalloc
LogInit: Installed Engine Build: 1
LogInit: This binary is optimized with LTO: no, PGO: no, instrumented for PGO data collection: no
LogDevObjectVersion: Number of dev versions registered: 35
LogDevObjectVersion:   Dev-Blueprints (B0D832E4-1F89-4F0D-ACCF-7EB736FD4AA2): 10
LogDevObjectVersion:   Dev-Build (E1C64328-A22C-4D53-A36C-8E866417BD8C): 0
LogDevObjectVersion:   Dev-Core (375EC13C-06E4-48FB-B500-84F0262A717E): 4
LogDevObjectVersion:   Dev-Editor (E4B068ED-F494-42E9-A231-DA0B2E46BB41): 40
LogDevObjectVersion:   Dev-Framework (CFFC743F-43B0-4480-9391-14DF171D2073): 37
LogDevObjectVersion:   Dev-Mobile (B02B49B5-BB20-44E9-A304-32B752E40360): 3
LogDevObjectVersion:   Dev-Networking (A4E4105C-59A1-49B5-A7C5-40C4547EDFEE): 0
LogDevObjectVersion:   Dev-Online (39C831C9-5AE6-47DC-9A44-9C173E1C8E7C): 0
LogDevObjectVersion:   Dev-Physics (78F01B33-EBEA-4F98-B9B4-84EACCB95AA2): 20
LogDevObjectVersion:   Dev-Platform (6631380F-2D4D-43E0-8009-CF276956A95A): 0
LogDevObjectVersion:   Dev-Rendering (12F88B9F-8875-4AFC-A67C-D90C383ABD29): 49
LogDevObjectVersion:   Dev-Sequencer (7B5AE74C-D270-4C10-A958-57980B212A5A): 13
LogDevObjectVersion:   Dev-VR (D7296918-1DD6-4BDD-9DE2-64A83CC13884): 3
LogDevObjectVersion:   Dev-LoadTimes (C2A15278-BFE7-4AFE-6C17-90FF531DF755): 1
LogDevObjectVersion:   Private-Geometry (6EACA3D4-40EC-4CC1-B786-8BED09428FC5): 3
LogDevObjectVersion:   Dev-AnimPhys (29E575DD-E0A3-4627-9D10-D276232CDCEA): 17
LogDevObjectVersion:   Dev-Anim (AF43A65D-7FD3-4947-9873-3E8ED9C1BB05): 15
LogDevObjectVersion:   Dev-ReflectionCapture (6B266CEC-1EC7-4B8F-A30B-E4D90942FC07): 1
LogDevObjectVersion:   Dev-Automation (0DF73D61-A23F-47EA-B727-89E90C41499A): 1
LogDevObjectVersion:   FortniteMain (601D1886-AC64-4F84-AA16-D3DE0DEAC7D6): 170
LogDevObjectVersion:   FortniteValkyrie (8DBC2C5B-54A7-43E0-A768-FCBB7DA29060): 8
LogDevObjectVersion:   FortniteSeason (5B4C06B7-2463-4AF8-805B-BF70CDF5D0DD): 13
LogDevObjectVersion:   FortniteRelease (E7086368-6B23-4C58-8439-1B7016265E91): 15
LogDevObjectVersion:   Dev-Enterprise (9DFFBCD6-494F-0158-E221-12823C92A888): 10
LogDevObjectVersion:   Dev-Niagara (F2AED0AC-9AFE-416F-8664-AA7FFA26D6FC): 1
LogDevObjectVersion:   Dev-Destruction (174F1F0B-B4C6-45A5-B13F-2EE8D0FB917D): 10
LogDevObjectVersion:   Dev-Physics-Ext (35F94A83-E258-406C-A318-09F59610247C): 41
LogDevObjectVersion:   Dev-PhysicsMaterial-Chaos (B68FC16E-8B1B-42E2-B453-215C058844FE): 1
LogDevObjectVersion:   Dev-CineCamera (B2E18506-4273-CFC2-A54E-F4BB758BBA07): 1
LogDevObjectVersion:   Dev-VirtualProduction (64F58936-FD1B-42BA-BA96-7289D5D0FA4E): 1
LogDevObjectVersion:   UE5-Main (697DD581-E64F-41AB-AA4A-51ECBEB7B628): 119
LogDevObjectVersion:   UE5-Release (D89B5E42-24BD-4D46-8412-ACA8DF641779): 51
LogDevObjectVersion:   UE5-PrivateFrosty (59DA5D52-1232-4948-B878-597870B8E98B): 8
LogDevObjectVersion:   Dev-MediaFramework (6F0ED827-A609-4895-9C91-998D90180EA4): 2
LogDevObjectVersion:   Dev-NaniteResearch (30D58BE3-95EA-4282-A6E3-B159D8EBB06A): 1
LogConfig: Branch 'PlatformCrypto' had been unloaded. Reloading on-demand took 0.49ms
LogInit: Presizing for max 100000 objects, including 0 objects not considered by GC.
LogInit: Object subsystem initialized
LogConfig: Applying CVar settings from Section [Startup] File [../../../Engine/Config/ConsoleVariables.ini]
LogConfig: CVar [[r.DumpShaderDebugInfo:2]] deferred - dummy variable created
LogConfig: CVar [[p.chaos.AllowCreatePhysxBodies:1]] deferred - dummy variable created
LogConfig: CVar [[fx.SkipVectorVMBackendOptimizations:1]] deferred - dummy variable created
LogConfig: CVar [[ds.CADTranslator.Meshing.ActivateThinZoneMeshing:0]] deferred - dummy variable created
LogConfig: CVar [[ds.CADTranslator.Stitching.RemoveThinFaces:0]] deferred - dummy variable created
[2026.04.30-19.54.40:856][  0]LogConfig: Applying CVar settings from Section [Startup_Windows] File [../../../Engine/Config/ConsoleVariables.ini]
[2026.04.30-19.54.40:856][  0]LogConfig: Applying CVar settings from Section [ConsoleVariables] File [Engine]
[2026.04.30-19.54.40:856][  0]LogConfig: Set CVar [[memory.MemoryPressureCriticalThresholdMB:512]]
[2026.04.30-19.54.40:856][  0]LogInit: Computer: LCAEMCEMA243008
[2026.04.30-19.54.40:856][  0]LogInit: User: 17974288
[2026.04.30-19.54.40:856][  0]LogInit: CPU Page size=4096, Cores=12
[2026.04.30-19.54.40:856][  0]LogInit: High frequency timer resolution =10.000000 MHz
[2026.04.30-19.54.41:324][  0]LogMemory: Process is running as part of a Windows Job with separate resource limits
[2026.04.30-19.54.41:324][  0]LogMemory: Memory total: Physical=63.7GB (64GB approx) Virtual=73.2GB
[2026.04.30-19.54.41:324][  0]LogMemory: Platform Memory Stats for WindowsEditor
[2026.04.30-19.54.41:324][  0]LogMemory: Process Physical Memory: 67.36 MB used, 68.15 MB peak
[2026.04.30-19.54.41:324][  0]LogMemory: Process Virtual Memory: 147.75 MB used, 147.75 MB peak
[2026.04.30-19.54.41:324][  0]LogMemory: Physical Memory: 16755.62 MB used,  48508.04 MB free, 65263.66 MB total
[2026.04.30-19.54.41:324][  0]LogMemory: Virtual Memory: 25154.81 MB used,  49836.84 MB free, 74991.66 MB total
[2026.04.30-19.54.41:329][  0]LogAssetRegistry: FAssetRegistry took 0.0001 seconds to start up
[2026.04.30-19.54.41:330][  0]LogUObjectArray: 438 objects as part of root set at end of initial load.
[2026.04.30-19.54.41:330][  0]LogUObjectArray: CloseDisregardForGC: 0/0 objects in disregard for GC pool
[2026.04.30-19.54.41:330][  0]LogInit: Using OS detected language ().
[2026.04.30-19.54.41:330][  0]LogInit: Using OS detected locale ().
[2026.04.30-19.54.41:331][  0]LogTextLocalizationManager: No localization for '' exists, so 'en' will be used for the language.
[2026.04.30-19.54.41:332][  0]LogTextLocalizationManager: No localization for '' exists, so 'en' will be used for the locale.
[2026.04.30-19.54.41:332][  0]LogInit: Using OS detected language ().
[2026.04.30-19.54.41:332][  0]LogInit: Using OS detected locale ().
[2026.04.30-19.54.41:332][  0]LogTextLocalizationManager: No localization for '' exists, so 'en' will be used for the language.
[2026.04.30-19.54.41:332][  0]LogTextLocalizationManager: No localization for '' exists, so 'en' will be used for the locale.
[2026.04.30-19.54.41:332][  0]LogPakFile: Display: ProjectDir: F:/schoolProjects/!Squirrel Game/Unreal Project/SquirrelGame/SquirrelGame000/
[2026.04.30-19.54.41:332][  0]LogIoStore: Display: ==================== IoStore Utils ====================
[2026.04.30-19.54.41:332][  0]LogIoStore: Display: Parsing crypto keys from a crypto key cache file 'F:\schoolProjects\!Squirrel Game\Unreal Project\SquirrelGame\SquirrelGame000\Saved\Cooked\Windows\SquirrelGame000\Metadata\Crypto.json'
[2026.04.30-19.54.41:333][  0]LogIoStore: Display: Container signing - DISABLED
[2026.04.30-19.54.41:333][  0]LogIoStore: Display: Directory index - ENABLED
[2026.04.30-19.54.41:333][  0]LogIoStore: Display: Using compression format 'Oodle'
[2026.04.30-19.54.41:333][  0]LogIoStore: Display: Using memory mapping alignment '16384'
[2026.04.30-19.54.41:333][  0]LogIoStore: Display: Using compression block size '65536'
[2026.04.30-19.54.41:333][  0]LogIoStore: Display: Using compression block alignment '2048'
[2026.04.30-19.54.41:333][  0]LogIoStore: Display: Using compression min bytes saved '1024'
[2026.04.30-19.54.41:333][  0]LogIoStore: Display: Using compression min percent saved '5'
[2026.04.30-19.54.41:333][  0]LogIoStore: Display: Using max partition size '0'
[2026.04.30-19.54.41:333][  0]LogIoStore: Display: Not using DDC for compression
[2026.04.30-19.54.41:333][  0]LogIoStore: Display: Using command list file: 'C:\Users\17974288\AppData\Roaming\Unreal Engine\AutomationTool\Logs\C+Program+Files+Epic+Games+UE_5.5\IoStoreCommands.txt'
[2026.04.30-19.54.41:336][  0]LogIoStore: Display: Selected Oodle level 4 (Normal) from command line for shaders
[2026.04.30-19.54.41:338][  0]LogIoStore: Display: Fetched 868 oplog items from Manifest in 0.00 seconds
[2026.04.30-19.54.41:340][  0]LogIoStore: Display: Parsed 868 oplog items 0.00 seconds, 1075 chunks
[2026.04.30-19.54.41:349][  0]LogIoStore: Display: Using input asset registry: F:/schoolProjects/!Squirrel Game/Unreal Project/SquirrelGame/SquirrelGame000/Saved/Cooked/Windows/SquirrelGame000/Metadata/DevelopmentAssetRegistry.bin
[2026.04.30-19.54.41:356][  0]LogIoStore: Display: Loaded 214 chunk hashes from AssetRegistry in 0.02 seconds, 214 hashes updated in 0.00 seconds
[2026.04.30-19.54.41:358][  0]LogIoStore: Display: Searching for cooked assets in folder 'F:\schoolProjects\!Squirrel Game\Unreal Project\SquirrelGame\SquirrelGame000\Saved\Cooked\Windows'
[2026.04.30-19.54.41:417][  0]LogIoStore: Display: Found '1944' files
[2026.04.30-19.54.41:429][  0]LogIoStore: Display: Creating container targets...
[2026.04.30-19.54.41:432][  0]OodleDataCompression: Display: Oodle v2.9.12 format for pak/iostore with method=Kraken, level=4=Normal
[2026.04.30-19.54.41:488][  0]LogIoStore: Display: Parsing packages...
[2026.04.30-19.54.41:488][  0]LogIoStore: Display: Reading package assets...
[2026.04.30-19.54.41:502][  0]LogIoStore: Display: Packages read 861 files in 0.01 seconds, 1,464,351 total bytes, 107,474,513 bytes per second
[2026.04.30-19.54.41:506][  0]LogIoStore: Display: Processing shader libraries, compressing with Oodle Mermaid, level 4 (Normal)
[2026.04.30-19.54.41:543][  0]LogShaderLibrary: Display: Created IoStoreShaderArchive header: shaders grouped in 542 groups (183 of them didn't need new indices), average uncompressed size 211303 bytes, min 1249 bytes, max 1045875 bytes (r.ShaderCodeLibrary.MaxShaderGroupSize=1048576)
[2026.04.30-19.54.41:926][  0]LogIoStore: Display: Global-PCD3D_SM6(PCD3D_SM6): Recompressed 7584 shaders as 542 groups. Library size changed from 85603 KB (1.31 : 1 ratio) to 48196 KB (2.32 : 1 ratio), 56.30% of previous.
[2026.04.30-19.54.41:939][  0]LogShaderLibrary: Display: Created IoStoreShaderArchive header: shaders grouped in 360 groups (135 of them didn't need new indices), average uncompressed size 155800 bytes, min 249 bytes, max 1047981 bytes (r.ShaderCodeLibrary.MaxShaderGroupSize=1048576)
[2026.04.30-19.54.42:000][  0]LogIoStore: Display: Global-PCD3D_SM5(PCD3D_SM5): Recompressed 3915 shaders as 360 groups. Library size changed from 12619 KB (4.34 : 1 ratio) to 5556 KB (9.86 : 1 ratio), 44.03% of previous.
[2026.04.30-19.54.42:014][  0]LogShaderLibrary: Display: Created IoStoreShaderArchive header: shaders grouped in 282 groups (49 of them didn't need new indices), average uncompressed size 124872 bytes, min 2342 bytes, max 958578 bytes (r.ShaderCodeLibrary.MaxShaderGroupSize=1048576)
[2026.04.30-19.54.42:111][  0]LogIoStore: Display: SquirrelGame000-PCD3D_SM6(PCD3D_SM6): Recompressed 2838 shaders as 282 groups. Library size changed from 26488 KB (1.30 : 1 ratio) to 17885 KB (1.92 : 1 ratio), 67.52% of previous.
[2026.04.30-19.54.42:116][  0]LogShaderLibrary: Display: Created IoStoreShaderArchive header: shaders grouped in 247 groups (102 of them didn't need new indices), average uncompressed size 57007 bytes, min 445 bytes, max 965040 bytes (r.ShaderCodeLibrary.MaxShaderGroupSize=1048576)
[2026.04.30-19.54.42:135][  0]LogIoStore: Display: SquirrelGame000-PCD3D_SM5(PCD3D_SM5): Recompressed 1317 shaders as 247 groups. Library size changed from 3900 KB (3.53 : 1 ratio) to 1814 KB (7.58 : 1 ratio), 46.50% of previous.
[2026.04.30-19.54.42:137][  0]LogIoStore: Display: Shaders processed in 0.63 seconds
[2026.04.30-19.54.42:137][  0]LogIoStore: Display: Initialized WriteRequestManager with MaxConcurrentSourceReads=12 (24 cores), MaxSourceBufferMemory=3072MiB
[2026.04.30-19.54.42:141][  0]LogIoStore: Display: Processing redirects...
[2026.04.30-19.54.42:141][  0]LogIoStore: Display: Creating disk layout...
[2026.04.30-19.54.42:142][  0]LogIoStore: Display: Ordered 861 packages using fallback bundle order
[2026.04.30-19.54.42:153][  0]LogIoStore: Display: Serializing container(s)...
[2026.04.30-19.54.44:154][  0]LogIoStore: Display: Writing chunks 941/2510... [1075 compressed] [Physical: 1054 MiB, Virtual: 3651 MiB]
[2026.04.30-19.54.46:155][  0]LogIoStore: Display: Writing chunks 2036/2510... [1075 compressed] [Physical: 1054 MiB, Virtual: 3651 MiB]
[2026.04.30-19.54.48:157][  0]LogIoStore: Display: Writing chunks 2306/2510... [1075 compressed] [Physical: 1054 MiB, Virtual: 3651 MiB]
[2026.04.30-19.54.49:826][  0]LogIoStore: Display: Writing and compressing took 7.60 seconds, writes to disk took 7.58 seconds for 332,474,640 bytes @ 43,856,630 bytes per second.
[2026.04.30-19.54.49:826][  0]LogIoStore: Display: global: Found perfect hashmap for 1 items.
[2026.04.30-19.54.49:827][  0]LogIoStore: Display: SquirrelGame000-Windows: Found perfect hashmap for 2509 items.
[2026.04.30-19.54.49:838][  0]LogIoStore: Display: Finalize took 0.0 seconds for 2 writers to write 298,713 bytes, 25,207,848 bytes per second
[2026.04.30-19.54.49:838][  0]LogIoStore: Display: Writing tocs... [Physical: 1054 MiB, Virtual: 3651 MiB]
[2026.04.30-19.54.49:838][  0]LogIoStore: Display: 214 / 2,510 hashes were loaded from the hash database, by type:
[2026.04.30-19.54.49:838][  0]LogIoStore: Display:     BulkData                   214
[2026.04.30-19.54.49:838][  0]LogIoStore: Display: 1,075 / 2,510 chunks attempted to compress, by type:
[2026.04.30-19.54.49:838][  0]LogIoStore: Display:     ExportBundleData           861 / 861
[2026.04.30-19.54.49:838][  0]LogIoStore: Display:     BulkData                   214 / 214
[2026.04.30-19.54.49:838][  0]LogIoStore: Display:     ScriptObjects              0 / 1
[2026.04.30-19.54.49:838][  0]LogIoStore: Display:     ContainerHeader            0 / 1
[2026.04.30-19.54.49:838][  0]LogIoStore: Display:     ShaderCodeLibrary          0 / 4
[2026.04.30-19.54.49:838][  0]LogIoStore: Display:     ShaderCode                 0 / 1,429
[2026.04.30-19.54.49:838][  0]LogIoStore: Display: Source bytes read:
[2026.04.30-19.54.49:838][  0]LogIoStore: Display:     Zen:                                  0
[2026.04.30-19.54.49:838][  0]LogIoStore: Display:     Loose File:                 757,746,481
[2026.04.30-19.54.49:838][  0]LogIoStore: Display:         ExportBundleData        521,876,282 bytes over 1,722 reads
[2026.04.30-19.54.49:838][  0]LogIoStore: Display:         BulkData                235,870,199 bytes over 214 reads
[2026.04.30-19.54.49:838][  0]LogIoStore: Display:     Memory:                     151,707,514
[2026.04.30-19.54.49:838][  0]LogIoStore: Display:         ShaderCodeLibrary         1,281,800 bytes over 8 reads
[2026.04.30-19.54.49:838][  0]LogIoStore: Display:         ShaderCode              150,425,714 bytes over 2,858 reads
[2026.04.30-19.54.49:838][  0]LogIoStore: Display: Calculating stats...
[2026.04.30-19.54.49:838][  0]LogIoStore: Display: 
[2026.04.30-19.54.49:838][  0]LogIoStore: Display: Container Summary
[2026.04.30-19.54.49:838][  0]LogIoStore: Display: ==================
[2026.04.30-19.54.49:838][  0]LogIoStore: Display: 
[2026.04.30-19.54.49:838][  0]LogIoStore: Display: Container                                               Flags      Chunk(s) #       TOC (KiB)       Raw Size (MiB)           Size (MiB)
[2026.04.30-19.54.49:838][  0]LogIoStore: Display: ----------------------------------------------------------------------------------------------------------------------------------------------
[2026.04.30-19.54.49:838][  0]LogIoStore: Display: global                                              -/-/-/-/-               1            0.62                 2.29                 2.29 -
[2026.04.30-19.54.49:838][  0]LogIoStore: Display: SquirrelGame000-Windows                             C/-/-/I/-            2509          291.09               548.97               314.78 (42.66% Oodle)
[2026.04.30-19.54.49:838][  0]LogIoStore: Display: ----------------------------------------------------------------------------------------------------------------------------------------------
[2026.04.30-19.54.49:838][  0]LogIoStore: Display: Total                                                                    2510          291.71               551.26               317.07
[2026.04.30-19.54.49:838][  0]LogIoStore: Display: 
[2026.04.30-19.54.49:838][  0]LogIoStore: Display: ** Flags: (C)ompressed / (E)ncrypted / (S)igned) / (I)ndexed) / (O)nDemand **
[2026.04.30-19.54.49:838][  0]LogIoStore: Display: 
[2026.04.30-19.54.49:838][  0]LogIoStore: Display: Compression block padding:     1.91 MiB
[2026.04.30-19.54.49:838][  0]LogIoStore: Display: 
[2026.04.30-19.54.49:838][  0]LogIoStore: Display: Container Directory Index
[2026.04.30-19.54.49:838][  0]LogIoStore: Display: ==========================
[2026.04.30-19.54.49:838][  0]LogIoStore: Display: 
[2026.04.30-19.54.49:838][  0]LogIoStore: Display: Container                                          Size (KiB)
[2026.04.30-19.54.49:838][  0]LogIoStore: Display: ----------------------------------------------------------------------------------------------------------------------------------------------
[2026.04.30-19.54.49:838][  0]LogIoStore: Display: global                                                   0.00
[2026.04.30-19.54.49:838][  0]LogIoStore: Display: SquirrelGame000-Windows                                 47.56
[2026.04.30-19.54.49:838][  0]LogIoStore: Display: 
[2026.04.30-19.54.49:838][  0]LogIoStore: Display: Container Patch Report
[2026.04.30-19.54.49:838][  0]LogIoStore: Display: ========================
[2026.04.30-19.54.49:838][  0]LogIoStore: Display: 
[2026.04.30-19.54.49:838][  0]LogIoStore: Display: Container                                             Total #       Modified #          Added #   Modified (MiB)      Added (MiB)
[2026.04.30-19.54.49:838][  0]LogIoStore: Display: ----------------------------------------------------------------------------------------------------------------------------------------------
[2026.04.30-19.54.49:838][  0]LogIoStore: Display: global                                                      1                0                0             0.00             0.00
[2026.04.30-19.54.49:838][  0]LogIoStore: Display: SquirrelGame000-Windows                                  2509                0             2509             0.00           312.86
[2026.04.30-19.54.49:838][  0]LogIoStore: Display: 
[2026.04.30-19.54.49:838][  0]LogIoStore: Display: PackageStore
[2026.04.30-19.54.49:838][  0]LogIoStore: Display: =============
[2026.04.30-19.54.49:838][  0]LogIoStore: Display: 
[2026.04.30-19.54.49:838][  0]LogIoStore: Display: Container                                          Size (KiB)      Packages #     Localized #
[2026.04.30-19.54.49:838][  0]LogIoStore: Display: ----------------------------------------------------------------------------------------------------------------------------------------------
[2026.04.30-19.54.49:838][  0]LogIoStore: Display: SquirrelGame000-Windows                                    32             861               0
[2026.04.30-19.54.49:838][  0]LogIoStore: Display: ----------------------------------------------------------------------------------------------------------------------------------------------
[2026.04.30-19.54.49:838][  0]LogIoStore: Display: Total                                                      32             861               0
[2026.04.30-19.54.49:838][  0]LogIoStore: Display: 
[2026.04.30-19.54.49:838][  0]LogIoStore: Display: 
[2026.04.30-19.54.49:838][  0]LogIoStore: Display: Input:       861 Packages
[2026.04.30-19.54.49:838][  0]LogIoStore: Display: Input:      0.24 GB UExp
[2026.04.30-19.54.49:838][  0]LogIoStore: Display: Input:      0.00 GB UAsset
[2026.04.30-19.54.49:838][  0]LogIoStore: Display: Input:      0.22 GB UBulk
[2026.04.30-19.54.49:838][  0]LogIoStore: Display: Input:     52.49 MB for 902 Global shaders
[2026.04.30-19.54.49:838][  0]LogIoStore: Display: Input:      1.92 MB for 185 Shared shaders
[2026.04.30-19.54.49:844][  0]LogIoStore: Display: Input:      0.00 MB for 0 Unique shaders
[2026.04.30-19.54.49:844][  0]LogIoStore: Display: Input:     17.32 MB for 342 Inline shaders
[2026.04.30-19.54.49:844][  0]LogIoStore: Display: 
[2026.04.30-19.54.49:844][  0]LogIoStore: Display: Output:     9017 Name map entries
[2026.04.30-19.54.49:844][  0]LogIoStore: Display: Output:     1097 Imported package entries
[2026.04.30-19.54.49:844][  0]LogIoStore: Display: Output:      538 Packages without imports
[2026.04.30-19.54.49:844][  0]LogIoStore: Display: Output:        0 Public runtime script objects
[2026.04.30-19.54.49:844][  0]LogIoStore: Display: Output:     0.00 GB HeaderData
[2026.04.30-19.54.49:844][  0]LogIoStore: Display: Output:     2.29 MB InitialLoadData
[2026.04.30-19.54.49:844][  0]LogIoStore: Display: 
[2026.04.30-19.54.49:849][  0]LogPakFile: Display: UnrealPak executed in 8.514834 seconds
[2026.04.30-19.54.49:860][  0]LogCore: Engine exit requested (reason: UnrealPak Exiting)
[2026.04.30-19.54.49:860][  0]LogExit: Preparing to exit.
[2026.04.30-19.54.49:861][  0]LogExit: Object subsystem successfully closed.
[2026.04.30-19.54.49:862][  0]LogPakFile: Destroying PakPlatformFile
[2026.04.30-19.54.49:863][  0]LogExit: Exiting.
[2026.04.30-19.54.49:881][  0]Log file closed, 04/30/26 14:54:49
